
> hazem@0.1.0 build
> next build

  Γû▓ Next.js 14.2.35

   Creating an optimized production build ...
 Γ£ô Compiled successfully
   Skipping linting
   Checking validity of types ...
node.exe : Failed to compile.
At line:1 char:1
+ & "C:\Program Files\nodejs/node.exe" 
"C:\Program Files\nodejs/node_mo ...
+ ~~~~~~~~~~~~~~~~~~~~~~~~~~~~~~~~~~~~~~~~~~~~
~~~~~~~~~~~~~~~~~~~~~~~~~
    + CategoryInfo          : NotSpecified:   
  (Failed to compile.:String) [], RemoteEx    
ception
    + FullyQualifiedErrorId : NativeCommandE  
  rror
 

./src/app/page-archive.tsx:6:20
Type error: Cannot find module 
'@/sections/HeroV3' or its corresponding type 
declarations.

[0m [90m 4 |[39m [36mimport[39m dynamic 
[36mfrom[39m 
[32m"next/dynamic"[39m[33m;[39m[0m
[0m [90m 5 |[39m [36mimport[39m 
[33mNav[39m [36mfrom[39m 
[32m"@/components/Nav"[39m[33m;[39m[0m
[0m[31m[1m>[22m[39m[90m 6 |[39m 
[36mimport[39m [33mHeroV3[39m 
[36mfrom[39m 
[32m"@/sections/HeroV3"[39m[33m;[39m[0m
[0m [90m   |[39m                    
[31m[1m^[22m[39m[0m
[0m [90m 7 |[39m [36mimport[39m 
[33mStatementSection[39m [36mfrom[39m [32
m"@/sections/StatementSection"[39m[33m;[39m
[0m
[0m [90m 8 |[39m [36mimport[39m 
[33mMarquee[39m [36mfrom[39m 
[32m"@/sections/Marquee"[39m[33m;[39m[0m
[0m [90m 9 |[39m [36mimport[39m 
[33mWork[39m [36mfrom[39m 
[32m"@/sections/Work"[39m[33m;[39m[0m
Next.js build worker exited with code: 1 and 
signal: null
